// Jest Snapshot v1, https://goo.gl/fbAQLP

exports[`Pruebas en el componente <CardFruit /> El componente de CardFruit debe hacer Match con el Snapshot 1`] = `
<div>
  <div
    class="MuiPaper-root MuiPaper-elevation MuiPaper-rounded MuiPaper-elevation1 MuiCard-root css-bhp9pd-MuiPaper-root-MuiCard-root"
  >
    <button
      class="MuiButtonBase-root MuiCardActionArea-root css-1oitmrd-MuiButtonBase-root-MuiCardActionArea-root"
      tabindex="0"
      type="button"
    >
      <img
        alt="Mango"
        class="MuiCardMedia-root MuiCardMedia-media MuiCardMedia-img css-o69gx8-MuiCardMedia-root"
        src="https://okdiario.com/img/vida-sana/2017/01/26/mango_verde_maduro.jpg"
        style="object-fit: cover; width: 100%; height: 170px;"
      />
      <div
        class="MuiCardContent-root css-46bh2p-MuiCardContent-root"
      >
        <div
          class="MuiGrid-root MuiGrid-container css-9cyib4-MuiGrid-root"
        >
          <div
            class="MuiGrid-root MuiGrid-item css-13i4rnv-MuiGrid-root"
          >
            <div
              class="MuiTypography-root MuiTypography-h6 MuiTypography-gutterBottom css-18k87ye-MuiTypography-root"
            >
              Mango
            </div>
          </div>
          <div
            class="MuiGrid-root MuiGrid-item css-13i4rnv-MuiGrid-root"
          >
            <div
              class="MuiTypography-root MuiTypography-h7 MuiTypography-gutterBottom css-anmq6p-MuiTypography-root"
            >
              2000 cop/kg
            </div>
          </div>
        </div>
        <p
          class="MuiTypography-root MuiTypography-body2 css-r40f8v-MuiTypography-root"
        >
          <strong>
            Alrededor de 60 kcal por 100g
          </strong>
        </p>
        <hr />
        <p
          class="MuiTypography-root MuiTypography-body2 css-r40f8v-MuiTypography-root"
        >
          Mango tropical: joya dorada de dulzura veraniega. Pulpa jugosa y vibrante color en cada bocado, una experiencia exquisita. ðŸ¥­ðŸŒž
        </p>
      </div>
      <span
        class="MuiCardActionArea-focusHighlight css-1v2exvi-MuiCardActionArea-focusHighlight"
      />
      <span
        class="MuiTouchRipple-root css-8je8zh-MuiTouchRipple-root"
      />
    </button>
  </div>
</div>
`;
